Archive member included to satisfy reference by file (symbol)

C:/ST/STM32CubeIDE_1.16.1/STM32CubeIDE/plugins/com.st.stm32cube.ide.mcu.externaltools.gnu-tools-for-stm32.12.3.rel1.win32_1.0.200.202406191623/tools/bin/../lib/gcc/arm-none-eabi/12.3.1/../../../../arm-none-eabi/lib/thumb/v7e-m+fp/hard\libc_nano.a(libc_a-exit.o)
                              C:/ST/STM32CubeIDE_1.16.1/STM32CubeIDE/plugins/com.st.stm32cube.ide.mcu.externaltools.gnu-tools-for-stm32.12.3.rel1.win32_1.0.200.202406191623/tools/bin/../lib/gcc/arm-none-eabi/12.3.1/../../../../arm-none-eabi/lib/thumb/v7e-m+fp/hard/crt0.o (exit)
C:/ST/STM32CubeIDE_1.16.1/STM32CubeIDE/plugins/com.st.stm32cube.ide.mcu.externaltools.gnu-tools-for-stm32.12.3.rel1.win32_1.0.200.202406191623/tools/bin/../lib/gcc/arm-none-eabi/12.3.1/../../../../arm-none-eabi/lib/thumb/v7e-m+fp/hard\libc_nano.a(libc_a-findfp.o)
                              C:/ST/STM32CubeIDE_1.16.1/STM32CubeIDE/plugins/com.st.stm32cube.ide.mcu.externaltools.gnu-tools-for-stm32.12.3.rel1.win32_1.0.200.202406191623/tools/bin/../lib/gcc/arm-none-eabi/12.3.1/../../../../arm-none-eabi/lib/thumb/v7e-m+fp/hard\libc_nano.a(libc_a-exit.o) (__stdio_exit_handler)
C:/ST/STM32CubeIDE_1.16.1/STM32CubeIDE/plugins/com.st.stm32cube.ide.mcu.externaltools.gnu-tools-for-stm32.12.3.rel1.win32_1.0.200.202406191623/tools/bin/../lib/gcc/arm-none-eabi/12.3.1/../../../../arm-none-eabi/lib/thumb/v7e-m+fp/hard\libc_nano.a(libc_a-fwalk.o)
                              C:/ST/STM32CubeIDE_1.16.1/STM32CubeIDE/plugins/com.st.stm32cube.ide.mcu.externaltools.gnu-tools-for-stm32.12.3.rel1.win32_1.0.200.202406191623/tools/bin/../lib/gcc/arm-none-eabi/12.3.1/../../../../arm-none-eabi/lib/thumb/v7e-m+fp/hard\libc_nano.a(libc_a-findfp.o) (_fwalk_sglue)
C:/ST/STM32CubeIDE_1.16.1/STM32CubeIDE/plugins/com.st.stm32cube.ide.mcu.externaltools.gnu-tools-for-stm32.12.3.rel1.win32_1.0.200.202406191623/tools/bin/../lib/gcc/arm-none-eabi/12.3.1/../../../../arm-none-eabi/lib/thumb/v7e-m+fp/hard\libc_nano.a(libc_a-snprintf.o)
                              ./Src/esp82xx_lib.o (snprintf)
C:/ST/STM32CubeIDE_1.16.1/STM32CubeIDE/plugins/com.st.stm32cube.ide.mcu.externaltools.gnu-tools-for-stm32.12.3.rel1.win32_1.0.200.202406191623/tools/bin/../lib/gcc/arm-none-eabi/12.3.1/../../../../arm-none-eabi/lib/thumb/v7e-m+fp/hard\libc_nano.a(libc_a-sprintf.o)
                              ./Src/esp82xx_lib.o (sprintf)
C:/ST/STM32CubeIDE_1.16.1/STM32CubeIDE/plugins/com.st.stm32cube.ide.mcu.externaltools.gnu-tools-for-stm32.12.3.rel1.win32_1.0.200.202406191623/tools/bin/../lib/gcc/arm-none-eabi/12.3.1/../../../../arm-none-eabi/lib/thumb/v7e-m+fp/hard\libc_nano.a(libc_a-stdio.o)
                              C:/ST/STM32CubeIDE_1.16.1/STM32CubeIDE/plugins/com.st.stm32cube.ide.mcu.externaltools.gnu-tools-for-stm32.12.3.rel1.win32_1.0.200.202406191623/tools/bin/../lib/gcc/arm-none-eabi/12.3.1/../../../../arm-none-eabi/lib/thumb/v7e-m+fp/hard\libc_nano.a(libc_a-findfp.o) (__sread)
C:/ST/STM32CubeIDE_1.16.1/STM32CubeIDE/plugins/com.st.stm32cube.ide.mcu.externaltools.gnu-tools-for-stm32.12.3.rel1.win32_1.0.200.202406191623/tools/bin/../lib/gcc/arm-none-eabi/12.3.1/../../../../arm-none-eabi/lib/thumb/v7e-m+fp/hard\libc_nano.a(libc_a-memset.o)
                              C:/ST/STM32CubeIDE_1.16.1/STM32CubeIDE/plugins/com.st.stm32cube.ide.mcu.externaltools.gnu-tools-for-stm32.12.3.rel1.win32_1.0.200.202406191623/tools/bin/../lib/gcc/arm-none-eabi/12.3.1/../../../../arm-none-eabi/lib/thumb/v7e-m+fp/hard/crt0.o (memset)
C:/ST/STM32CubeIDE_1.16.1/STM32CubeIDE/plugins/com.st.stm32cube.ide.mcu.externaltools.gnu-tools-for-stm32.12.3.rel1.win32_1.0.200.202406191623/tools/bin/../lib/gcc/arm-none-eabi/12.3.1/../../../../arm-none-eabi/lib/thumb/v7e-m+fp/hard\libc_nano.a(libc_a-closer.o)
                              C:/ST/STM32CubeIDE_1.16.1/STM32CubeIDE/plugins/com.st.stm32cube.ide.mcu.externaltools.gnu-tools-for-stm32.12.3.rel1.win32_1.0.200.202406191623/tools/bin/../lib/gcc/arm-none-eabi/12.3.1/../../../../arm-none-eabi/lib/thumb/v7e-m+fp/hard\libc_nano.a(libc_a-stdio.o) (_close_r)
C:/ST/STM32CubeIDE_1.16.1/STM32CubeIDE/plugins/com.st.stm32cube.ide.mcu.externaltools.gnu-tools-for-stm32.12.3.rel1.win32_1.0.200.202406191623/tools/bin/../lib/gcc/arm-none-eabi/12.3.1/../../../../arm-none-eabi/lib/thumb/v7e-m+fp/hard\libc_nano.a(libc_a-reent.o)
                              C:/ST/STM32CubeIDE_1.16.1/STM32CubeIDE/plugins/com.st.stm32cube.ide.mcu.externaltools.gnu-tools-for-stm32.12.3.rel1.win32_1.0.200.202406191623/tools/bin/../lib/gcc/arm-none-eabi/12.3.1/../../../../arm-none-eabi/lib/thumb/v7e-m+fp/hard\libc_nano.a(libc_a-closer.o) (errno)
C:/ST/STM32CubeIDE_1.16.1/STM32CubeIDE/plugins/com.st.stm32cube.ide.mcu.externaltools.gnu-tools-for-stm32.12.3.rel1.win32_1.0.200.202406191623/tools/bin/../lib/gcc/arm-none-eabi/12.3.1/../../../../arm-none-eabi/lib/thumb/v7e-m+fp/hard\libc_nano.a(libc_a-impure.o)
[...]
Memory Configuration

Name             Origin             Length             Attributes
RAM              0x20000000         0x00020000         xrw
FLASH            0x08000000         0x00080000         xr
*default*        0x00000000         0xffffffff

Linker script and memory map

LOAD C:/ST/STM32CubeIDE_1.16.1/STM32CubeIDE/plugins/com.st.stm32cube.ide.mcu.externaltools.gnu-tools-for-stm32.12.3.rel1.win32_1.0.200.202406191623/tools/bin/../lib/gcc/arm-none-eabi/12.3.1/thumb/v7e-m+fp/hard/crti.o
LOAD C:/ST/STM32CubeIDE_1.16.1/STM32CubeIDE/plugins/com.st.stm32cube.ide.mcu.externaltools.gnu-tools-for-stm32.12.3.rel1.win32_1.0.200.202406191623/tools/bin/../lib/gcc/arm-none-eabi/12.3.1/thumb/v7e-m+fp/hard/crtbegin.o
LOAD C:/ST/STM32CubeIDE_1.16.1/STM32CubeIDE/plugins/com.st.stm32cube.ide.mcu.externaltools.gnu-tools-for-stm32.12.3.rel1.win32_1.0.200.202406191623/tools/bin/../lib/gcc/arm-none-eabi/12.3.1/../../../../arm-none-eabi/lib/thumb/v7e-m+fp/hard/crt0.o
LOAD ./Src/adc.o
LOAD ./Src/bsp.o
LOAD ./Src/circular_buffer.o
LOAD ./Src/esp82xx_driver.o
LOAD ./Src/esp82xx_lib.o
LOAD ./Src/flash_driver.o
LOAD ./Src/fota_processor.o
LOAD ./Src/fpu.o
LOAD ./Src/main.o
LOAD ./Src/syscalls.o
LOAD ./Src/sysmem.o
LOAD ./Src/timebase.o
LOAD ./Startup/startup_stm32f411retx.o
START GROUP
LOAD C:/ST/STM32CubeIDE_1.16.1/STM32CubeIDE/plugins/com.st.stm32cube.ide.mcu.externaltools.gnu-tools-for-stm32.12.3.rel1.win32_1.0.200.202406191623/tools/bin/../lib/gcc/arm-none-eabi/12.3.1/../../../../arm-none-eabi/lib/thumb/v7e-m+fp/hard\libc_nano.a
LOAD C:/ST/STM32CubeIDE_1.16.1/STM32CubeIDE/plugins/com.st.stm32cube.ide.mcu.externaltools.gnu-tools-for-stm32.12.3.rel1.win32_1.0.200.202406191623/tools/bin/../lib/gcc/arm-none-eabi/12.3.1/../../../../arm-none-eabi/lib/thumb/v7e-m+fp/hard\libm.a
END GROUP
START GROUP
LOAD C:/ST/STM32CubeIDE_1.16.1/STM32CubeIDE/plugins/com.st.stm32cube.ide.mcu.externaltools.gnu-tools-for-stm32.12.3.rel1.win32_1.0.200.202406191623/tools/bin/../lib/gcc/arm-none-eabi/12.3.1/thumb/v7e-m+fp/hard\libgcc.a
LOAD C:/ST/STM32CubeIDE_1.16.1/STM32CubeIDE/plugins/com.st.stm32cube.ide.mcu.externaltools.gnu-tools-for-stm32.12.3.rel1.win32_1.0.200.202406191623/tools/bin/../lib/gcc/arm-none-eabi/12.3.1/../../../../arm-none-eabi/lib/thumb/v7e-m+fp/hard\libc_nano.a
END GROUP
START GROUP
LOAD C:/ST/STM32CubeIDE_1.16.1/STM32CubeIDE/plugins/com.st.stm32cube.ide.mcu.externaltools.gnu-tools-for-stm32.12.3.rel1.win32_1.0.200.202406191623/tools/bin/../lib/gcc/arm-none-eabi/12.3.1/thumb/v7e-m+fp/hard\libgcc.a
LOAD C:/ST/STM32CubeIDE_1.16.1/STM32CubeIDE/plugins/com.st.stm32cube.ide.mcu.externaltools.gnu-tools-for-stm32.12.3.rel1.win32_1.0.200.202406191623/tools/bin/../lib/gcc/arm-none-eabi/12.3.1/../../../../arm-none-eabi/lib/thumb/v7e-m+fp/hard\libc_nano.a
LOAD C:/ST/STM32CubeIDE_1.16.1/STM32CubeIDE/plugins/com.st.stm32cube.ide.mcu.externaltools.gnu-tools-for-stm32.12.3.rel1.win32_1.0.200.202406191623/tools/bin/../lib/gcc/arm-none-eabi/12.3.1/../../../../arm-none-eabi/lib/thumb/v7e-m+fp/hard\libnosys.a
END GROUP
START GROUP
LOAD C:/ST/STM32CubeIDE_1.16.1/STM32CubeIDE/plugins/com.st.stm32cube.ide.mcu.externaltools.gnu-tools-for-stm32.12.3.rel1.win32_1.0.200.202406191623/tools/bin/../lib/gcc/arm-none-eabi/12.3.1/thumb/v7e-m+fp/hard\libgcc.a
LOAD C:/ST/STM32CubeIDE_1.16.1/STM32CubeIDE/plugins/com.st.stm32cube.ide.mcu.externaltools.gnu-tools-for-stm32.12.3.rel1.win32_1.0.200.202406191623/tools/bin/../lib/gcc/arm-none-eabi/12.3.1/../../../../arm-none-eabi/lib/thumb/v7e-m+fp/hard\libc_nano.a
LOAD C:/ST/STM32CubeIDE_1.16.1/STM32CubeIDE/plugins/com.st.stm32cube.ide.mcu.externaltools.gnu-tools-for-stm32.12.3.rel1.win32_1.0.200.202406191623/tools/bin/../lib/gcc/arm-none-eabi/12.3.1/../../../../arm-none-eabi/lib/thumb/v7e-m+fp/hard\libnosys.a
END GROUP
LOAD C:/ST/STM32CubeIDE_1.16.1/STM32CubeIDE/plugins/com.st.stm32cube.ide.mcu.externaltools.gnu-tools-for-stm32.12.3.rel1.win32_1.0.200.202406191623/tools/bin/../lib/gcc/arm-none-eabi/12.3.1/thumb/v7e-m+fp/hard/crtend.o
LOAD C:/ST/STM32CubeIDE_1.16.1/STM32CubeIDE/plugins/com.st.stm32cube.ide.mcu.externaltools.gnu-tools-for-stm32.12.3.rel1.win32_1.0.200.202406191623/tools/bin/../lib/gcc/arm-none-eabi/12.3.1/thumb/v7e-m+fp/hard/crtn.o
                0x20020000                        _estack = (ORIGIN (RAM) + LENGTH (RAM))
                0x00000200                        _Min_Heap_Size = 0x200
                0x00000400                        _Min_Stack_Size = 0x400

.isr_vector     0x08000000      0x198
                0x08000000                        . = ALIGN (0x4)
 *(.isr_vector)
 .isr_vector    0x08000000      0x198 ./Startup/startup_stm32f411retx.o
                0x08000000                g_pfnVectors
                0x08000198                        . = ALIGN (0x4)

.text           0x080001a0     0x2538
                0x080001a0                        . = ALIGN (0x4)
 *(.text)
 .text          0x080001a0       0x40 C:/ST/STM32CubeIDE_1.16.1/STM32CubeIDE/plugins/com.st.stm32cube.ide.mcu.externaltools.gnu-tools-for-stm32.12.3.rel1.win32_1.0.200.202406191623/tools/bin/../lib/gcc/arm-none-eabi/12.3.1/thumb/v7e-m+fp/hard/crtbegin.o
 .text          0x080001e0       0x10 C:/ST/STM32CubeIDE_1.16.1/STM32CubeIDE/plugins/com.st.stm32cube.ide.mcu.externaltools.gnu-tools-for-stm32.12.3.rel1.win32_1.0.200.202406191623/tools/bin/../lib/gcc/arm-none-eabi/12.3.1/../../../../arm-none-eabi/lib/thumb/v7e-m+fp/hard\libc_nano.a(libc_a-strlen.o)
                0x080001e0                strlen
 .text          0x080001f0       0xa0 C:/ST/STM32CubeIDE_1.16.1/STM32CubeIDE/plugins/com.st.stm32cube.ide.mcu.externaltools.gnu-tools-for-stm32.12.3.rel1.win32_1.0.200.202406191623/tools/bin/../lib/gcc/arm-none-eabi/12.3.1/../../../../arm-none-eabi/lib/thumb/v7e-m+fp/hard\libc_nano.a(libc_a-memchr.o)
                0x080001f0                memchr
 *(.text*)
 .text.led_init
                0x08000290       0x3c ./Src/bsp.o
                0x08000290                led_init
 .text.button_init
                0x080002cc       0x3c ./Src/bsp.o
                0x080002cc                button_init
 .text.get_btn_state
                0x08000308       0x24 ./Src/bsp.o
                0x08000308                get_btn_state
 .text.circular_buffer_init
                0x0800032c       0x68 ./Src/circular_buffer.o
                0x0800032c                circular_buffer_init
 .text.buff_store_char
                0x08000394       0x68 ./Src/circular_buffer.o
 .text.buffer_clear
                0x080003fc       0x68 ./Src/circular_buffer.o
                0x080003fc                buffer_clear
 .text.buffer_peek
                0x08000464       0x98 ./Src/circular_buffer.o
                0x08000464                buffer_peek
 .text.buffer_read
                0x080004fc      0x10c ./Src/circular_buffer.o
                0x080004fc                buffer_read
 .text.buffer_write
                0x08000608      0x108 ./Src/circular_buffer.o
                0x08000608                buffer_write
 .text.is_data  0x08000710       0x9c ./Src/circular_buffer.o
                0x08000710                is_data
 .text.get_first_char
                0x080007ac       0x7c ./Src/circular_buffer.o
 .text.is_response
                0x08000828       0x72 ./Src/circular_buffer.o
                0x08000828                is_response
 .text.buffer_send_string
                0x0800089a       0x32 ./Src/circular_buffer.o
                0x0800089a                buffer_send_string
 .text.slave_dev_uart_callback
                0x080008cc       0xc8 ./Src/circular_buffer.o
                0x080008cc                slave_dev_uart_callback
 .text.debug_uart_callback
                0x08000994       0xc8 ./Src/circular_buffer.o
                0x08000994                debug_uart_callback
 .text.process_copy
                0x08000a5c      0x128 ./Src/circular_buffer.o
 .text.copy_up_to_string
                0x08000b84       0x1e ./Src/circular_buffer.o
                0x08000b84                copy_up_to_string
 .text.USART2_IRQHandler
                0x08000ba2        0xc ./Src/circular_buffer.o
                0x08000ba2                USART2_IRQHandler
 .text.USART1_IRQHandler
                0x08000bae        0xc ./Src/circular_buffer.o
                0x08000bae                USART1_IRQHandler
 *fill*         0x08000bba        0x2 
 .text.__NVIC_EnableIRQ
                0x08000bbc       0x3c ./Src/esp82xx_driver.o
 .text.debug_uart_init
                0x08000bf8       0xf0 ./Src/esp82xx_driver.o
                0x08000bf8                debug_uart_init
 .text.esp_uart_init
                0x08000ce8       0xf8 ./Src/esp82xx_driver.o
                0x08000ce8                esp_uart_init
 .text.compute_uart_bd
                0x08000de0       0x26 ./Src/esp82xx_driver.o
 *fill*         0x08000e06        0x2 
 .text.uart_set_baudrate
                0x08000e08       0x28 ./Src/esp82xx_driver.o
 .text.esp8266_init
                0x08000e30       0x26 ./Src/esp82xx_lib.o
                0x08000e30                esp8266_init
 *fill*         0x08000e56        0x2 
 .text.esp82xx_startup_test
                0x08000e58       0x38 ./Src/esp82xx_lib.o
 .text.esp82xx_reset
                0x08000e90       0x40 ./Src/esp82xx_lib.o
 .text.esp82xx_sta_mode
                0x08000ed0       0x38 ./Src/esp82xx_lib.o
 .text.esp82xx_ap_connect
                0x08000f08       0x74 ./Src/esp82xx_lib.o
 .text.esp82xx_get_firmware
                0x08000f7c      0x13c ./Src/esp82xx_lib.o
                0x08000f7c                esp82xx_get_firmware
 .text.esp82xx_get_version_file
                0x080010b8      0x11c ./Src/esp82xx_lib.o
                0x080010b8                esp82xx_get_version_file
 .text.flash_ex_erase
                0x080011d4       0xc0 ./Src/flash_driver.o
                0x080011d4                flash_ex_erase
 .text.flash_sector_erase
                0x08001294       0x88 ./Src/flash_driver.o
                0x08001294                flash_sector_erase
 .text.flash_mass_erase
                0x0800131c       0x44 ./Src/flash_driver.o
                0x0800131c                flash_mass_erase
 .text.flash_wait_for_last_operation
                0x08001360       0x6c ./Src/flash_driver.o
                0x08001360                flash_wait_for_last_operation
 .text.flash_program
                0x080013cc       0x8c ./Src/flash_driver.o
                0x080013cc                flash_program
 .text.flash_program_byte
                0x08001458       0x44 ./Src/flash_driver.o
                0x08001458                flash_program_byte
 .text.flash_program_halfword
                0x0800149c       0x48 ./Src/flash_driver.o
                0x0800149c                flash_program_halfword
 .text.flash_program_word
                0x080014e4       0x44 ./Src/flash_driver.o
                0x080014e4                flash_program_word
 .text.flash_program_doubleword
                0x08001528       0x64 ./Src/flash_driver.o
                0x08001528                flash_program_doubleword
 .text.flush_caches
                0x0800158c       0x8c ./Src/flash_driver.o
 .text.flash_unlock
                0x08001618       0x44 ./Src/flash_driver.o
                0x08001618                flash_unlock
 .text.flash_get_error
                0x0800165c       0x18 ./Src/flash_driver.o
                0x0800165c                flash_get_error
 .text.get_sector
                0x08001674       0xf4 ./Src/flash_driver.o
 .text.flash_write_data_byte
                0x08001768       0xac ./Src/flash_driver.o
                0x08001768                flash_write_data_byte
 .text.jump_to_app
                0x08001814       0x58 ./Src/fota_processor.o
                0x08001814                jump_to_app
 .text.string_length
                0x0800186c       0x2e ./Src/fota_processor.o
                0x0800186c                string_length
 .text.find_substring
                0x0800189a       0x7a ./Src/fota_processor.o
                0x0800189a                find_substring
 .text.firmware_parse
                0x08001914       0xec ./Src/fota_processor.o
                0x08001914                firmware_parse
 .text.firmware_update
                0x08001a00       0x5c ./Src/fota_processor.o
                0x08001a00                firmware_update
 .text.fpu_enable
                0x08001a5c       0x54 ./Src/fpu.o
                0x08001a5c                fpu_enable
 .text.main     0x08001ab0       0xd0 ./Src/main.o
                0x08001ab0                main
 .text._sbrk    0x08001b80       0x6c ./Src/sysmem.o
                0x08001b80                _sbrk
 .text.systick_delay_ms
                0x08001bec       0x3c ./Src/timebase.o
                0x08001bec                systick_delay_ms
 .text.get_tick
                0x08001c28       0x2c ./Src/timebase.o
                0x08001c28                get_tick
 .text.tick_increment
                0x08001c54       0x1c ./Src/timebase.o
 .text.timebase_init
                0x08001c70       0x48 ./Src/timebase.o
                0x08001c70                timebase_init
 .text.SysTick_Handler
                0x08001cb8        0xc ./Src/timebase.o
                0x08001cb8                SysTick_Handler
 .text.Reset_Handler
                0x08001cc4       0x50 ./Startup/startup_stm32f411retx.o
                0x08001cc4                Reset_Handler
 .text.Default_Handler
                0x08001d14        0x2 ./Startup/startup_stm32f411retx.o
                0x08001d14                RTC_Alarm_IRQHandler
                0x08001d14                EXTI2_IRQHandler
                0x08001d14                DebugMon_Handler
                0x08001d14                SPI4_IRQHandler
                0x08001d14                TIM1_CC_IRQHandler
                0x08001d14                DMA2_Stream5_IRQHandler
                0x08001d14                HardFault_Handler
                0x08001d14                DMA1_Stream5_IRQHandler
                0x08001d14                PVD_IRQHandler
                0x08001d14                SDIO_IRQHandler
                0x08001d14                TAMP_STAMP_IRQHandler
                0x08001d14                PendSV_Handler
                0x08001d14                NMI_Handler
                0x08001d14                EXTI3_IRQHandler
                0x08001d14                TIM1_UP_TIM10_IRQHandler
                0x08001d14                I2C3_ER_IRQHandler
                0x08001d14                EXTI0_IRQHandler
                0x08001d14                I2C2_EV_IRQHandler
                0x08001d14                DMA1_Stream2_IRQHandler
                0x08001d14                FPU_IRQHandler
                0x08001d14                UsageFault_Handler
                0x08001d14                DMA2_Stream2_IRQHandler
                0x08001d14                SPI1_IRQHandler
                0x08001d14                TIM1_BRK_TIM9_IRQHandler
                0x08001d14                DMA2_Stream3_IRQHandler
                0x08001d14                USART6_IRQHandler
                0x08001d14                DMA2_Stream0_IRQHandler
                0x08001d14                TIM4_IRQHandler
                0x08001d14                I2C1_EV_IRQHandler
                0x08001d14                DMA1_Stream6_IRQHandler
                0x08001d14                DMA1_Stream1_IRQHandler
                0x08001d14                TIM3_IRQHandler
                0x08001d14                RCC_IRQHandler
                0x08001d14                Default_Handler
                0x08001d14                EXTI15_10_IRQHandler
                0x08001d14                ADC_IRQHandler
                0x08001d14                DMA1_Stream7_IRQHandler
                0x08001d14                SPI5_IRQHandler
                0x08001d14                TIM5_IRQHandler
                0x08001d14                DMA2_Stream7_IRQHandler
                0x08001d14                I2C3_EV_IRQHandler
                0x08001d14                EXTI9_5_IRQHandler
                0x08001d14                RTC_WKUP_IRQHandler
                0x08001d14                SPI2_IRQHandler
                0x08001d14                MemManage_Handler
                0x08001d14                DMA1_Stream0_IRQHandler
                0x08001d14                SVC_Handler
                0x08001d14                EXTI4_IRQHandler
                0x08001d14                WWDG_IRQHandler
                0x08001d14                TIM2_IRQHandler
                0x08001d14                OTG_FS_WKUP_IRQHandler
                0x08001d14                TIM1_TRG_COM_TIM11_IRQHandler
                0x08001d14                EXTI1_IRQHandler
                0x08001d14                I2C2_ER_IRQHandler
                0x08001d14                DMA2_Stream1_IRQHandler
                0x08001d14                FLASH_IRQHandler
                0x08001d14                DMA2_Stream4_IRQHandler
                0x08001d14                BusFault_Handler
                0x08001d14                OTG_FS_IRQHandler
                0x08001d14                SPI3_IRQHandler
                0x08001d14                DMA1_Stream4_IRQHandler
                0x08001d14                I2C1_ER_IRQHandler
                0x08001d14                DMA2_Stream6_IRQHandler
                0x08001d14                DMA1_Stream3_IRQHandler
 *fill*         0x08001d16        0x2 
 .text.snprintf
                0x08001d18       0x68 C:/ST/STM32CubeIDE_1.16.1/STM32CubeIDE/plugins/com.st.stm32cube.ide.mcu.externaltools.gnu-tools-for-stm32.12.3.rel1.win32_1.0.200.202406191623/tools/bin/../lib/gcc/arm-none-eabi/12.3.1/../../../../arm-none-eabi/lib/thumb/v7e-m+fp/hard\libc_nano.a(libc_a-snprintf.o)
                0x08001d18                sniprintf
                0x08001d18                snprintf
 .text.sprintf  0x08001d80       0x40 C:/ST/STM32CubeIDE_1.16.1/STM32CubeIDE/plugins/com.st.stm32cube.ide.mcu.externaltools.gnu-tools-for-stm32.12.3.rel1.win32_1.0.200.202406191623/tools/bin/../lib/gcc/arm-none-eabi/12.3.1/../../../../arm-none-eabi/lib/thumb/v7e-m+fp/hard\libc_nano.a(libc_a-sprintf.o)
                0x08001d80                siprintf
                0x08001d80                sprintf
 .text.memset   0x08001dc0       0x10 C:/ST/STM32CubeIDE_1.16.1/STM32CubeIDE/plugins/com.st.stm32cube.ide.mcu.externaltools.gnu-tools-for-stm32.12.3.rel1.win32_1.0.200.202406191623/tools/bin/../lib/gcc/arm-none-eabi/12.3.1/../../../../arm-none-eabi/lib/thumb/v7e-m+fp/hard\libc_nano.a(libc_a-memset.o)
                0x08001dc0                memset
 .text.__errno  0x08001dd0        0xc C:/ST/STM32CubeIDE_1.16.1/STM32CubeIDE/plugins/com.st.stm32cube.ide.mcu.externaltools.gnu-tools-for-stm32.12.3.rel1.win32_1.0.200.202406191623/tools/bin/../lib/gcc/arm-none-eabi/12.3.1/../../../../arm-none-eabi/lib/thumb/v7e-m+fp/hard\libc_nano.a(libc_a-errno.o)
                0x08001dd0                __errno
 .text.__libc_init_array
                0x08001ddc       0x48 C:/ST/STM32CubeIDE_1.16.1/STM32CubeIDE/plugins/com.st.stm32cube.ide.mcu.externaltools.gnu-tools-for-stm32.12.3.rel1.win32_1.0.200.202406191623/tools/bin/../lib/gcc/arm-none-eabi/12.3.1/../../../../arm-none-eabi/lib/thumb/v7e-m+fp/hard\libc_nano.a(libc_a-init.o)
                0x08001ddc                __libc_init_array
 .text.__retarget_lock_acquire_recursive
                0x08001e24        0x2 C:/ST/STM32CubeIDE_1.16.1/STM32CubeIDE/plugins/com.st.stm32cube.ide.mcu.externaltools.gnu-tools-for-stm32.12.3.rel1.win32_1.0.200.202406191623/tools/bin/../lib/gcc/arm-none-eabi/12.3.1/../../../../arm-none-eabi/lib/thumb/v7e-m+fp/hard\libc_nano.a(libc_a-lock.o)
                0x08001e24                __retarget_lock_acquire_recursive
 .text.__retarget_lock_release_recursive
                0x08001e26        0x2 C:/ST/STM32CubeIDE_1.16.1/STM32CubeIDE/plugins/com.st.stm32cube.ide.mcu.externaltools.gnu-tools-for-stm32.12.3.rel1.win32_1.0.200.202406191623/tools/bin/../lib/gcc/arm-none-eabi/12.3.1/../../../../arm-none-eabi/lib/thumb/v7e-m+fp/hard\libc_nano.a(libc_a-lock.o)
                0x08001e26                __retarget_lock_release_recursive
 .text._free_r  0x08001e28       0x94 C:/ST/STM32CubeIDE_1.16.1/STM32CubeIDE/plugins/com.st.stm32cube.ide.mcu.externaltools.gnu-tools-for-stm32.12.3.rel1.win32_1.0.200.202406191623/tools/bin/../lib/gcc/arm-none-eabi/12.3.1/../../../../arm-none-eabi/lib/thumb/v7e-m+fp/hard\libc_nano.a(libc_a-freer.o)
                0x08001e28                _free_r
 .text.sbrk_aligned
                0x08001ebc       0x44 C:/ST/STM32CubeIDE_1.16.1/STM32CubeIDE/plugins/com.st.stm32cube.ide.mcu.externaltools.gnu-tools-for-stm32.12.3.rel1.win32_1.0.200.202406191623/tools/bin/../lib/gcc/arm-none-eabi/12.3.1/../../../../arm-none-eabi/lib/thumb/v7e-m+fp/hard\libc_nano.a(libc_a-mallocr.o)
 .text._malloc_r
                0x08001f00      0x100 C:/ST/STM32CubeIDE_1.16.1/STM32CubeIDE/plugins/com.st.stm32cube.ide.mcu.externaltools.gnu-tools-for-stm32.12.3.rel1.win32_1.0.200.202406191623/tools/bin/../lib/gcc/arm-none-eabi/12.3.1/../../../../arm-none-eabi/lib/thumb/v7e-m+fp/hard\libc_nano.a(libc_a-mallocr.o)
                0x08001f00                _malloc_r
 .text.__malloc_lock
                0x08002000        0xc C:/ST/STM32CubeIDE_1.16.1/STM32CubeIDE/plugins/com.st.stm32cube.ide.mcu.externaltools.gnu-tools-for-stm32.12.3.rel1.win32_1.0.200.202406191623/tools/bin/../lib/gcc/arm-none-eabi/12.3.1/../../../../arm-none-eabi/lib/thumb/v7e-m+fp/hard\libc_nano.a(libc_a-mlock.o)
                0x08002000                __malloc_lock
 .text.__malloc_unlock
                0x0800200c        0xc C:/ST/STM32CubeIDE_1.16.1/STM32CubeIDE/plugins/com.st.stm32cube.ide.mcu.externaltools.gnu-tools-for-stm32.12.3.rel1.win32_1.0.200.202406191623/tools/bin/../lib/gcc/arm-none-eabi/12.3.1/../../../../arm-none-eabi/lib/thumb/v7e-m+fp/hard\libc_nano.a(libc_a-mlock.o)
                0x0800200c                __malloc_unlock
 .text.__ssputs_r
                0x08002018       0xb6 C:/ST/STM32CubeIDE_1.16.1/STM32CubeIDE/plugins/com.st.stm32cube.ide.mcu.externaltools.gnu-tools-for-stm32.12.3.rel1.win32_1.0.200.202406191623/tools/bin/../lib/gcc/arm-none-eabi/12.3.1/../../../../arm-none-eabi/lib/thumb/v7e-m+fp/hard\libc_nano.a(libc_a-nano-svfprintf.o)
                0x08002018                __ssputs_r
 *fill*         0x080020ce        0x2 
 .text._svfprintf_r
                0x080020d0      0x1f8 C:/ST/STM32CubeIDE_1.16.1/STM32CubeIDE/plugins/com.st.stm32cube.ide.mcu.externaltools.gnu-tools-for-stm32.12.3.rel1.win32_1.0.200.202406191623/tools/bin/../lib/gcc/arm-none-eabi/12.3.1/../../../../arm-none-eabi/lib/thumb/v7e-m+fp/hard\libc_nano.a(libc_a-nano-svfprintf.o)
                0x080020d0                _svfiprintf_r
                0x080020d0                _svfprintf_r
 .text._printf_common
                0x080022c8       0xda C:/ST/STM32CubeIDE_1.16.1/STM32CubeIDE/plugins/com.st.stm32cube.ide.mcu.externaltools.gnu-tools-for-stm32.12.3.rel1.win32_1.0.200.202406191623/tools/bin/../lib/gcc/arm-none-eabi/12.3.1/../../../../arm-none-eabi/lib/thumb/v7e-m+fp/hard\libc_nano.a(libc_a-nano-vfprintf_i.o)
                0x080022c8                _printf_common
 *fill*         0x080023a2        0x2 
 .text._printf_i
                0x080023a4      0x240 C:/ST/STM32CubeIDE_1.16.1/STM32CubeIDE/plugins/com.st.stm32cube.ide.mcu.externaltools.gnu-tools-for-stm32.12.3.rel1.win32_1.0.200.202406191623/tools/bin/../lib/gcc/arm-none-eabi/12.3.1/../../../../arm-none-eabi/lib/thumb/v7e-m+fp/hard\libc_nano.a(libc_a-nano-vfprintf_i.o)
                0x080023a4                _printf_i
 .text.memmove  0x080025e4       0x34 C:/ST/STM32CubeIDE_1.16.1/STM32CubeIDE/plugins/com.st.stm32cube.ide.mcu.externaltools.gnu-tools-for-stm32.12.3.rel1.win32_1.0.200.202406191623/tools/bin/../lib/gcc/arm-none-eabi/12.3.1/../../../../arm-none-eabi/lib/thumb/v7e-m+fp/hard\libc_nano.a(libc_a-memmove.o)
                0x080025e4                memmove
 .text._sbrk_r  0x08002618       0x20 C:/ST/STM32CubeIDE_1.16.1/STM32CubeIDE/plugins/com.st.stm32cube.ide.mcu.externaltools.gnu-tools-for-stm32.12.3.rel1.win32_1.0.200.202406191623/tools/bin/../lib/gcc/arm-none-eabi/12.3.1/../../../../arm-none-eabi/lib/thumb/v7e-m+fp/hard\libc_nano.a(libc_a-sbrkr.o)
                0x08002618                _sbrk_r
 .text.memcpy   0x08002638       0x1c C:/ST/STM32CubeIDE_1.16.1/STM32CubeIDE/plugins/com.st.stm32cube.ide.mcu.externaltools.gnu-tools-for-stm32.12.3.rel1.win32_1.0.200.202406191623/tools/bin/../lib/gcc/arm-none-eabi/12.3.1/../../../../arm-none-eabi/lib/thumb/v7e-m+fp/hard\libc_nano.a(libc_a-memcpy-stub.o)
                0x08002638                memcpy
 .text._realloc_r
                0x08002654       0x5c C:/ST/STM32CubeIDE_1.16.1/STM32CubeIDE/plugins/com.st.stm32cube.ide.mcu.externaltools.gnu-tools-for-stm32.12.3.rel1.win32_1.0.200.202406191623/tools/bin/../lib/gcc/arm-none-eabi/12.3.1/../../../../arm-none-eabi/lib/thumb/v7e-m+fp/hard\libc_nano.a(libc_a-reallocr.o)
                0x08002654                _realloc_r
 .text._malloc_usable_size_r
                0x080026b0       0x10 C:/ST/STM32CubeIDE_1.16.1/STM32CubeIDE/plugins/com.st.stm32cube.ide.mcu.externaltools.gnu-tools-for-stm32.12.3.rel1.win32_1.0.200.202406191623/tools/bin/../lib/gcc/arm-none-eabi/12.3.1/../../../../arm-none-eabi/lib/thumb/v7e-m+fp/hard\libc_nano.a(libc_a-msizer.o)
                0x080026b0                _malloc_usable_size_r
 *(.glue_7)
 .glue_7        0x080026c0        0x0 linker stubs
 *(.glue_7t)
 .glue_7t       0x080026c0        0x0 linker stubs
 *(.eh_frame)
 .eh_frame      0x080026c0        0x0 C:/ST/STM32CubeIDE_1.16.1/STM32CubeIDE/plugins/com.st.stm32cube.ide.mcu.externaltools.gnu-tools-for-stm32.12.3.rel1.win32_1.0.200.202406191623/tools/bin/../lib/gcc/arm-none-eabi/12.3.1/thumb/v7e-m+fp/hard/crtbegin.o
 *(.init)
 .init          0x080026c0        0x4 C:/ST/STM32CubeIDE_1.16.1/STM32CubeIDE/plugins/com.st.stm32cube.ide.mcu.externaltools.gnu-tools-for-stm32.12.3.rel1.win32_1.0.200.202406191623/tools/bin/../lib/gcc/arm-none-eabi/12.3.1/thumb/v7e-m+fp/hard/crti.o
                0x080026c0                _init
 .init          0x080026c4        0x8 C:/ST/STM32CubeIDE_1.16.1/STM32CubeIDE/plugins/com.st.stm32cube.ide.mcu.externaltools.gnu-tools-for-stm32.12.3.rel1.win32_1.0.200.202406191623/tools/bin/../lib/gcc/arm-none-eabi/12.3.1/thumb/v7e-m+fp/hard/crtn.o
 *(.fini)
 .fini          0x080026cc        0x4 C:/ST/STM32CubeIDE_1.16.1/STM32CubeIDE/plugins/com.st.stm32cube.ide.mcu.externaltools.gnu-tools-for-stm32.12.3.rel1.win32_1.0.200.202406191623/tools/bin/../lib/gcc/arm-none-eabi/12.3.1/thumb/v7e-m+fp/hard/crti.o
                0x080026cc                _fini
 .fini          0x080026d0        0x8 C:/ST/STM32CubeIDE_1.16.1/STM32CubeIDE/plugins/com.st.stm32cube.ide.mcu.externaltools.gnu-tools-for-stm32.12.3.rel1.win32_1.0.200.202406191623/tools/bin/../lib/gcc/arm-none-eabi/12.3.1/thumb/v7e-m+fp/hard/crtn.o
                0x080026d8                        . = ALIGN (0x4)
                0x080026d8                        _etext = .

.vfp11_veneer   0x080026d8        0x0
 .vfp11_veneer  0x080026d8        0x0 linker stubs

.v4_bx          0x080026d8        0x0
 .v4_bx         0x080026d8        0x0 linker stubs

.iplt           0x080026d8        0x0
 .iplt          0x080026d8        0x0 C:/ST/STM32CubeIDE_1.16.1/STM32CubeIDE/plugins/com.st.stm32cube.ide.mcu.externaltools.gnu-tools-for-stm32.12.3.rel1.win32_1.0.200.202406191623/tools/bin/../lib/gcc/arm-none-eabi/12.3.1/thumb/v7e-m+fp/hard/crtbegin.o

.rodata         0x080026d8      0x3c4
                0x080026d8                        . = ALIGN (0x4)
 *(.rodata)
 .rodata        0x080026d8      0x1ef ./Src/esp82xx_lib.o
 *fill*         0x080028c7        0x1 
 .rodata        0x080028c8       0xa0 ./Src/fota_processor.o
 .rodata        0x08002968       0xff ./Src/main.o
 *(.rodata*)
 .rodata._svfprintf_r.str1.1
                0x08002a67       0x11 C:/ST/STM32CubeIDE_1.16.1/STM32CubeIDE/plugins/com.st.stm32cube.ide.mcu.externaltools.gnu-tools-for-stm32.12.3.rel1.win32_1.0.200.202406191623/tools/bin/../lib/gcc/arm-none-eabi/12.3.1/../../../../arm-none-eabi/lib/thumb/v7e-m+fp/hard\libc_nano.a(libc_a-nano-svfprintf.o)
 .rodata._printf_i.str1.1
                0x08002a78       0x22 C:/ST/STM32CubeIDE_1.16.1/STM32CubeIDE/plugins/com.st.stm32cube.ide.mcu.externaltools.gnu-tools-for-stm32.12.3.rel1.win32_1.0.200.202406191623/tools/bin/../lib/gcc/arm-none-eabi/12.3.1/../../../../arm-none-eabi/lib/thumb/v7e-m+fp/hard\libc_nano.a(libc_a-nano-vfprintf_i.o)
                0x08002a9c                        . = ALIGN (0x4)
 *fill*         0x08002a9a        0x2 

.ARM.extab      0x08002a9c        0x0
                0x08002a9c                        . = ALIGN (0x4)
 *(.ARM.extab* .gnu.linkonce.armextab.*)
                0x08002a9c                        . = ALIGN (0x4)

.ARM            0x08002a9c        0x8
                0x08002a9c                        . = ALIGN (0x4)
                0x08002a9c                        __exidx_start = .
 *(.ARM.exidx*)
 .ARM.exidx     0x08002a9c        0x8 C:/ST/STM32CubeIDE_1.16.1/STM32CubeIDE/plugins/com.st.stm32cube.ide.mcu.externaltools.gnu-tools-for-stm32.12.3.rel1.win32_1.0.200.202406191623/tools/bin/../lib/gcc/arm-none-eabi/12.3.1/../../../../arm-none-eabi/lib/thumb/v7e-m+fp/hard\libc_nano.a(libc_a-strlen.o)
 .ARM.exidx     0x08002aa4        0x0 C:/ST/STM32CubeIDE_1.16.1/STM32CubeIDE/plugins/com.st.stm32cube.ide.mcu.externaltools.gnu-tools-for-stm32.12.3.rel1.win32_1.0.200.202406191623/tools/bin/../lib/gcc/arm-none-eabi/12.3.1/../../../../arm-none-eabi/lib/thumb/v7e-m+fp/hard\libc_nano.a(libc_a-memchr.o)
                                  0x8 (size before relaxing)
                0x08002aa4                        __exidx_end = .
                0x08002aa4                        . = ALIGN (0x4)

.rel.dyn        0x08002aa4        0x0
 .rel.iplt      0x08002aa4        0x0 C:/ST/STM32CubeIDE_1.16.1/STM32CubeIDE/plugins/com.st.stm32cube.ide.mcu.externaltools.gnu-tools-for-stm32.12.3.rel1.win32_1.0.200.202406191623/tools/bin/../lib/gcc/arm-none-eabi/12.3.1/thumb/v7e-m+fp/hard/crtbegin.o

.preinit_array  0x08002aa4        0x0
                0x08002aa4                        . = ALIGN (0x4)
                0x08002aa4                        PROVIDE (__preinit_array_start = .)
 *(.preinit_array*)
                0x08002aa4                        PROVIDE (__preinit_array_end = .)
                0x08002aa4                        . = ALIGN (0x4)

.init_array     0x08002aa4        0x4
                0x08002aa4                        . = ALIGN (0x4)
                0x08002aa4                        PROVIDE (__init_array_start = .)
 *(SORT_BY_NAME(.init_array.*))
 *(.init_array*)
 .init_array    0x08002aa4        0x4 C:/ST/STM32CubeIDE_1.16.1/STM32CubeIDE/plugins/com.st.stm32cube.ide.mcu.externaltools.gnu-tools-for-stm32.12.3.rel1.win32_1.0.200.202406191623/tools/bin/../lib/gcc/arm-none-eabi/12.3.1/thumb/v7e-m+fp/hard/crtbegin.o
                0x08002aa8                        PROVIDE (__init_array_end = .)
                0x08002aa8                        . = ALIGN (0x4)

.fini_array     0x08002aa8        0x4
                0x08002aa8                        . = ALIGN (0x4)
                [!provide]                        PROVIDE (__fini_array_start = .)
 *(SORT_BY_NAME(.fini_array.*))
 *(.fini_array*)
 .fini_array    0x08002aa8        0x4 C:/ST/STM32CubeIDE_1.16.1/STM32CubeIDE/plugins/com.st.stm32cube.ide.mcu.externaltools.gnu-tools-for-stm32.12.3.rel1.win32_1.0.200.202406191623/tools/bin/../lib/gcc/arm-none-eabi/12.3.1/thumb/v7e-m+fp/hard/crtbegin.o
                [!provide]                        PROVIDE (__fini_array_end = .)
                0x08002aac                        . = ALIGN (0x4)
                0x08002aac                        _sidata = LOADADDR (.data)

.data           0x20000000       0x50 load address 0x08002aac
                0x20000000                        . = ALIGN (0x4)
                0x20000000                        _sdata = .
 *(.data)
 *(.data*)
 .data._impure_ptr
                0x20000000        0x4 C:/ST/STM32CubeIDE_1.16.1/STM32CubeIDE/plugins/com.st.stm32cube.ide.mcu.externaltools.gnu-tools-for-stm32.12.3.rel1.win32_1.0.200.202406191623/tools/bin/../lib/gcc/arm-none-eabi/12.3.1/../../../../arm-none-eabi/lib/thumb/v7e-m+fp/hard\libc_nano.a(libc_a-impure.o)
                0x20000000                _impure_ptr
 .data._impure_data
                0x20000004       0x4c C:/ST/STM32CubeIDE_1.16.1/STM32CubeIDE/plugins/com.st.stm32cube.ide.mcu.externaltools.gnu-tools-for-stm32.12.3.rel1.win32_1.0.200.202406191623/tools/bin/../lib/gcc/arm-none-eabi/12.3.1/../../../../arm-none-eabi/lib/thumb/v7e-m+fp/hard\libc_nano.a(libc_a-impure.o)
                0x20000004                _impure_data
 *(.RamFunc)
 *(.RamFunc*)
                0x20000050                        . = ALIGN (0x4)
                0x20000050                        _edata = .

.igot.plt       0x20000050        0x0 load address 0x08002afc
 .igot.plt      0x20000050        0x0 C:/ST/STM32CubeIDE_1.16.1/STM32CubeIDE/plugins/com.st.stm32cube.ide.mcu.externaltools.gnu-tools-for-stm32.12.3.rel1.win32_1.0.200.202406191623/tools/bin/../lib/gcc/arm-none-eabi/12.3.1/thumb/v7e-m+fp/hard/crtbegin.o
                0x20000050                        . = ALIGN (0x4)

.bss            0x20000050     0xb39c load address 0x08002afc
                0x20000050                        _sbss = .
                0x20000050                        __bss_start__ = _sbss
 *(.bss)
 .bss           0x20000050       0x1c C:/ST/STM32CubeIDE_1.16.1/STM32CubeIDE/plugins/com.st.stm32cube.ide.mcu.externaltools.gnu-tools-for-stm32.12.3.rel1.win32_1.0.200.202406191623/tools/bin/../lib/gcc/arm-none-eabi/12.3.1/thumb/v7e-m+fp/hard/crtbegin.o
 *(.bss*)
 .bss.rx_buffer1
                0x2000006c     0x1778 ./Src/circular_buffer.o
                0x2000006c                rx_buffer1
 .bss.tx_buffer1
                0x200017e4     0x1778 ./Src/circular_buffer.o
                0x200017e4                tx_buffer1
 .bss.rx_buffer2
                0x20002f5c     0x1778 ./Src/circular_buffer.o
                0x20002f5c                rx_buffer2
 .bss.tx_buffer2
                0x200046d4     0x1778 ./Src/circular_buffer.o
                0x200046d4                tx_buffer2
 .bss._rx_buffer1
                0x20005e4c        0x4 ./Src/circular_buffer.o
                0x20005e4c                _rx_buffer1
 .bss._tx_buffer1
                0x20005e50        0x4 ./Src/circular_buffer.o
                0x20005e50                _tx_buffer1
 .bss._rx_buffer2
                0x20005e54        0x4 ./Src/circular_buffer.o
                0x20005e54                _rx_buffer2
 .bss._tx_buffer2
                0x20005e58        0x4 ./Src/circular_buffer.o
                0x20005e58                _tx_buffer2
 .bss.pFlash    0x20005e5c       0x18 ./Src/flash_driver.o
                0x20005e5c                pFlash
 .bss.firmware_buffer
                0x20005e74     0x2904 ./Src/fota_processor.o
                0x20005e74                firmware_buffer
 .bss.temp_rx_buffer
                0x20008778     0x2af8 ./Src/fota_processor.o
                0x20008778                temp_rx_buffer
 .bss.version_buff
                0x2000b270        0xa ./Src/main.o
                0x2000b270                version_buff
 *fill*         0x2000b27a        0x2 
 .bss.temp_ver_buffer
                0x2000b27c       0x19 ./Src/main.o
                0x2000b27c                temp_ver_buffer
 *fill*         0x2000b295        0x3 
 .bss.__sbrk_heap_end
                0x2000b298        0x4 ./Src/sysmem.o
 .bss.g_curr_tick
                0x2000b29c        0x4 ./Src/timebase.o
                0x2000b29c                g_curr_tick
 .bss.g_curr_tick_p
                0x2000b2a0        0x4 ./Src/timebase.o
                0x2000b2a0                g_curr_tick_p
 .bss.__sf      0x2000b2a4      0x138 C:/ST/STM32CubeIDE_1.16.1/STM32CubeIDE/plugins/com.st.stm32cube.ide.mcu.externaltools.gnu-tools-for-stm32.12.3.rel1.win32_1.0.200.202406191623/tools/bin/../lib/gcc/arm-none-eabi/12.3.1/../../../../arm-none-eabi/lib/thumb/v7e-m+fp/hard\libc_nano.a(libc_a-findfp.o)
                0x2000b2a4                __sf
 .bss.errno     0x2000b3dc        0x4 C:/ST/STM32CubeIDE_1.16.1/STM32CubeIDE/plugins/com.st.stm32cube.ide.mcu.externaltools.gnu-tools-for-stm32.12.3.rel1.win32_1.0.200.202406191623/tools/bin/../lib/gcc/arm-none-eabi/12.3.1/../../../../arm-none-eabi/lib/thumb/v7e-m+fp/hard\libc_nano.a(libc_a-reent.o)
                0x2000b3dc                errno
 .bss.__lock___malloc_recursive_mutex
                0x2000b3e0        0x1 C:/ST/STM32CubeIDE_1.16.1/STM32CubeIDE/plugins/com.st.stm32cube.ide.mcu.externaltools.gnu-tools-for-stm32.12.3.rel1.win32_1.0.200.202406191623/tools/bin/../lib/gcc/arm-none-eabi/12.3.1/../../../../arm-none-eabi/lib/thumb/v7e-m+fp/hard\libc_nano.a(libc_a-lock.o)
                0x2000b3e0                __lock___malloc_recursive_mutex
 *fill*         0x2000b3e1        0x3 
 .bss.__malloc_sbrk_start
                0x2000b3e4        0x4 C:/ST/STM32CubeIDE_1.16.1/STM32CubeIDE/plugins/com.st.stm32cube.ide.mcu.externaltools.gnu-tools-for-stm32.12.3.rel1.win32_1.0.200.202406191623/tools/bin/../lib/gcc/arm-none-eabi/12.3.1/../../../../arm-none-eabi/lib/thumb/v7e-m+fp/hard\libc_nano.a(libc_a-mallocr.o)
                0x2000b3e4                __malloc_sbrk_start
 .bss.__malloc_free_list
                0x2000b3e8        0x4 C:/ST/STM32CubeIDE_1.16.1/STM32CubeIDE/plugins/com.st.stm32cube.ide.mcu.externaltools.gnu-tools-for-stm32.12.3.rel1.win32_1.0.200.202406191623/tools/bin/../lib/gcc/arm-none-eabi/12.3.1/../../../../arm-none-eabi/lib/thumb/v7e-m+fp/hard\libc_nano.a(libc_a-mallocr.o)
                0x2000b3e8                __malloc_free_list
 *(COMMON)
                0x2000b3ec                        . = ALIGN (0x4)
                0x2000b3ec                        _ebss = .
                0x2000b3ec                        __bss_end__ = _ebss

._user_heap_stack
                0x2000b3ec      0x604 load address 0x08002afc
                0x2000b3f0                        . = ALIGN (0x8)
 *fill*         0x2000b3ec        0x4 
                [!provide]                        PROVIDE (end = .)
                0x2000b3f0                        PROVIDE (_end = .)
                0x2000b5f0                        . = (. + _Min_Heap_Size)
 *fill*         0x2000b3f0      0x200 
                0x2000b9f0                        . = (. + _Min_Stack_Size)
 *fill*         0x2000b5f0      0x400 
                0x2000b9f0                        . = ALIGN (0x8)

/DISCARD/
 libc.a(*)
 libm.a(*)
 libgcc.a(*)

.ARM.attributes
                0x00000000       0x30
 *(.ARM.attributes)
 .ARM.attributes
                0x00000000       0x22 C:/ST/STM32CubeIDE_1.16.1/STM32CubeIDE/plugins/com.st.stm32cube.ide.mcu.externaltools.gnu-tools-for-stm32.12.3.rel1.win32_1.0.200.202406191623/tools/bin/../lib/gcc/arm-none-eabi/12.3.1/thumb/v7e-m+fp/hard/crti.o
 .ARM.attributes
                0x00000022       0x34 C:/ST/STM32CubeIDE_1.16.1/STM32CubeIDE/plugins/com.st.stm32cube.ide.mcu.externaltools.gnu-tools-for-stm32.12.3.rel1.win32_1.0.200.202406191623/tools/bin/../lib/gcc/arm-none-eabi/12.3.1/thumb/v7e-m+fp/hard/crtbegin.o
 .ARM.attributes
                0x00000056       0x34 ./Src/bsp.o
 .ARM.attributes
                0x0000008a       0x34 ./Src/circular_buffer.o
 .ARM.attributes
                0x000000be       0x34 ./Src/esp82xx_driver.o
 .ARM.attributes
                0x000000f2       0x34 ./Src/esp82xx_lib.o
 .ARM.attributes
                0x00000126       0x34 ./Src/flash_driver.o
 .ARM.attributes
                0x0000015a       0x34 ./Src/fota_processor.o
 .ARM.attributes
                0x0000018e       0x34 ./Src/fpu.o
 .ARM.attributes
                0x000001c2       0x34 ./Src/main.o
 .ARM.attributes
                0x000001f6       0x34 ./Src/sysmem.o
 .ARM.attributes
                0x0000022a       0x34 ./Src/timebase.o
 .ARM.attributes
                0x0000025e       0x21 ./Startup/startup_stm32f411retx.o
 .ARM.attributes
                0x0000027f       0x34 C:/ST/STM32CubeIDE_1.16.1/STM32CubeIDE/plugins/com.st.stm32cube.ide.mcu.externaltools.gnu-tools-for-stm32.12.3.rel1.win32_1.0.200.202406191623/tools/bin/../lib/gcc/arm-none-eabi/12.3.1/../../../../arm-none-eabi/lib/thumb/v7e-m+fp/hard\libc_nano.a(libc_a-findfp.o)
 .ARM.attributes
                0x000002b3       0x34 C:/ST/STM32CubeIDE_1.16.1/STM32CubeIDE/plugins/com.st.stm32cube.ide.mcu.externaltools.gnu-tools-for-stm32.12.3.rel1.win32_1.0.200.202406191623/tools/bin/../lib/gcc/arm-none-eabi/12.3.1/../../../../arm-none-eabi/lib/thumb/v7e-m+fp/hard\libc_nano.a(libc_a-snprintf.o)
 .ARM.attributes
                0x000002e7       0x34 C:/ST/STM32CubeIDE_1.16.1/STM32CubeIDE/plugins/com.st.stm32cube.ide.mcu.externaltools.gnu-tools-for-stm32.12.3.rel1.win32_1.0.200.202406191623/tools/bin/../lib/gcc/arm-none-eabi/12.3.1/../../../../arm-none-eabi/lib/thumb/v7e-m+fp/hard\libc_nano.a(libc_a-sprintf.o)
 .ARM.attributes
                0x0000031b       0x34 C:/ST/STM32CubeIDE_1.16.1/STM32CubeIDE/plugins/com.st.stm32cube.ide.mcu.externaltools.gnu-tools-for-stm32.12.3.rel1.win32_1.0.200.202406191623/tools/bin/../lib/gcc/arm-none-eabi/12.3.1/../../../../arm-none-eabi/lib/thumb/v7e-m+fp/hard\libc_nano.a(libc_a-memset.o)
 .ARM.attributes
                0x0000034f       0x34 C:/ST/STM32CubeIDE_1.16.1/STM32CubeIDE/plugins/com.st.stm32cube.ide.mcu.externaltools.gnu-tools-for-stm32.12.3.rel1.win32_1.0.200.202406191623/tools/bin/../lib/gcc/arm-none-eabi/12.3.1/../../../../arm-none-eabi/lib/thumb/v7e-m+fp/hard\libc_nano.a(libc_a-reent.o)
 .ARM.attributes
                0x00000383       0x34 C:/ST/STM32CubeIDE_1.16.1/STM32CubeIDE/plugins/com.st.stm32cube.ide.mcu.externaltools.gnu-tools-for-stm32.12.3.rel1.win32_1.0.200.202406191623/tools/bin/../lib/gcc/arm-none-eabi/12.3.1/../../../../arm-none-eabi/lib/thumb/v7e-m+fp/hard\libc_nano.a(libc_a-impure.o)
 .ARM.attributes
                0x000003b7       0x34 C:/ST/STM32CubeIDE_1.16.1/STM32CubeIDE/plugins/com.st.stm32cube.ide.mcu.externaltools.gnu-tools-for-stm32.12.3.rel1.win32_1.0.200.202406191623/tools/bin/../lib/gcc/arm-none-eabi/12.3.1/../../../../arm-none-eabi/lib/thumb/v7e-m+fp/hard\libc_nano.a(libc_a-errno.o)
 .ARM.attributes
                0x000003eb       0x34 C:/ST/STM32CubeIDE_1.16.1/STM32CubeIDE/plugins/com.st.stm32cube.ide.mcu.externaltools.gnu-tools-for-stm32.12.3.rel1.win32_1.0.200.202406191623/tools/bin/../lib/gcc/arm-none-eabi/12.3.1/../../../../arm-none-eabi/lib/thumb/v7e-m+fp/hard\libc_nano.a(libc_a-init.o)
 .ARM.attributes
                0x0000041f       0x34 C:/ST/STM32CubeIDE_1.16.1/STM32CubeIDE/plugins/com.st.stm32cube.ide.mcu.externaltools.gnu-tools-for-stm32.12.3.rel1.win32_1.0.200.202406191623/tools/bin/../lib/gcc/arm-none-eabi/12.3.1/../../../../arm-none-eabi/lib/thumb/v7e-m+fp/hard\libc_nano.a(libc_a-lock.o)
 .ARM.attributes
                0x00000453       0x17 C:/ST/STM32CubeIDE_1.16.1/STM32CubeIDE/plugins/com.st.stm32cube.ide.mcu.externaltools.gnu-tools-for-stm32.12.3.rel1.win32_1.0.200.202406191623/tools/bin/../lib/gcc/arm-none-eabi/12.3.1/../../../../arm-none-eabi/lib/thumb/v7e-m+fp/hard\libc_nano.a(libc_a-strlen.o)
 .ARM.attributes
                0x0000046a       0x34 C:/ST/STM32CubeIDE_1.16.1/STM32CubeIDE/plugins/com.st.stm32cube.ide.mcu.externaltools.gnu-tools-for-stm32.12.3.rel1.win32_1.0.200.202406191623/tools/bin/../lib/gcc/arm-none-eabi/12.3.1/../../../../arm-none-eabi/lib/thumb/v7e-m+fp/hard\libc_nano.a(libc_a-freer.o)
 .ARM.attributes
                0x0000049e       0x34 C:/ST/STM32CubeIDE_1.16.1/STM32CubeIDE/plugins/com.st.stm32cube.ide.mcu.externaltools.gnu-tools-for-stm32.12.3.rel1.win32_1.0.200.202406191623/tools/bin/../lib/gcc/arm-none-eabi/12.3.1/../../../../arm-none-eabi/lib/thumb/v7e-m+fp/hard\libc_nano.a(libc_a-mallocr.o)
 .ARM.attributes
                0x000004d2       0x34 C:/ST/STM32CubeIDE_1.16.1/STM32CubeIDE/plugins/com.st.stm32cube.ide.mcu.externaltools.gnu-tools-for-stm32.12.3.rel1.win32_1.0.200.202406191623/tools/bin/../lib/gcc/arm-none-eabi/12.3.1/../../../../arm-none-eabi/lib/thumb/v7e-m+fp/hard\libc_nano.a(libc_a-mlock.o)
 .ARM.attributes
                0x00000506       0x34 C:/ST/STM32CubeIDE_1.16.1/STM32CubeIDE/plugins/com.st.stm32cube.ide.mcu.externaltools.gnu-tools-for-stm32.12.3.rel1.win32_1.0.200.202406191623/tools/bin/../lib/gcc/arm-none-eabi/12.3.1/../../../../arm-none-eabi/lib/thumb/v7e-m+fp/hard\libc_nano.a(libc_a-nano-svfprintf.o)
 .ARM.attributes
                0x0000053a       0x34 C:/ST/STM32CubeIDE_1.16.1/STM32CubeIDE/plugins/com.st.stm32cube.ide.mcu.externaltools.gnu-tools-for-stm32.12.3.rel1.win32_1.0.200.202406191623/tools/bin/../lib/gcc/arm-none-eabi/12.3.1/../../../../arm-none-eabi/lib/thumb/v7e-m+fp/hard\libc_nano.a(libc_a-nano-vfprintf_i.o)
 .ARM.attributes
                0x0000056e       0x34 C:/ST/STM32CubeIDE_1.16.1/STM32CubeIDE/plugins/com.st.stm32cube.ide.mcu.externaltools.gnu-tools-for-stm32.12.3.rel1.win32_1.0.200.202406191623/tools/bin/../lib/gcc/arm-none-eabi/12.3.1/../../../../arm-none-eabi/lib/thumb/v7e-m+fp/hard\libc_nano.a(libc_a-memmove.o)
 .ARM.attributes
                0x000005a2       0x34 C:/ST/STM32CubeIDE_1.16.1/STM32CubeIDE/plugins/com.st.stm32cube.ide.mcu.externaltools.gnu-tools-for-stm32.12.3.rel1.win32_1.0.200.202406191623/tools/bin/../lib/gcc/arm-none-eabi/12.3.1/../../../../arm-none-eabi/lib/thumb/v7e-m+fp/hard\libc_nano.a(libc_a-sbrkr.o)
 .ARM.attributes
                0x000005d6       0x1c C:/ST/STM32CubeIDE_1.16.1/STM32CubeIDE/plugins/com.st.stm32cube.ide.mcu.externaltools.gnu-tools-for-stm32.12.3.rel1.win32_1.0.200.202406191623/tools/bin/../lib/gcc/arm-none-eabi/12.3.1/../../../../arm-none-eabi/lib/thumb/v7e-m+fp/hard\libc_nano.a(libc_a-memchr.o)
 .ARM.attributes
                0x000005f2       0x34 C:/ST/STM32CubeIDE_1.16.1/STM32CubeIDE/plugins/com.st.stm32cube.ide.mcu.externaltools.gnu-tools-for-stm32.12.3.rel1.win32_1.0.200.202406191623/tools/bin/../lib/gcc/arm-none-eabi/12.3.1/../../../../arm-none-eabi/lib/thumb/v7e-m+fp/hard\libc_nano.a(libc_a-memcpy-stub.o)
 .ARM.attributes
                0x00000626       0x34 C:/ST/STM32CubeIDE_1.16.1/STM32CubeIDE/plugins/com.st.stm32cube.ide.mcu.externaltools.gnu-tools-for-stm32.12.3.rel1.win32_1.0.200.202406191623/tools/bin/../lib/gcc/arm-none-eabi/12.3.1/../../../../arm-none-eabi/lib/thumb/v7e-m+fp/hard\libc_nano.a(libc_a-reallocr.o)
 .ARM.attributes
                0x0000065a       0x34 C:/ST/STM32CubeIDE_1.16.1/STM32CubeIDE/plugins/com.st.stm32cube.ide.mcu.externaltools.gnu-tools-for-stm32.12.3.rel1.win32_1.0.200.202406191623/tools/bin/../lib/gcc/arm-none-eabi/12.3.1/../../../../arm-none-eabi/lib/thumb/v7e-m+fp/hard\libc_nano.a(libc_a-msizer.o)
 .ARM.attributes
                0x0000068e       0x22 C:/ST/STM32CubeIDE_1.16.1/STM32CubeIDE/plugins/com.st.stm32cube.ide.mcu.externaltools.gnu-tools-for-stm32.12.3.rel1.win32_1.0.200.202406191623/tools/bin/../lib/gcc/arm-none-eabi/12.3.1/thumb/v7e-m+fp/hard/crtn.o
OUTPUT(esp82xx_fota_esd.elf elf32-littlearm)
LOAD linker stubs
LOAD C:/ST/STM32CubeIDE_1.16.1/STM32CubeIDE/plugins/com.st.stm32cube.ide.mcu.externaltools.gnu-tools-for-stm32.12.3.rel1.win32_1.0.200.202406191623/tools/bin/../lib/gcc/arm-none-eabi/12.3.1/../../../../arm-none-eabi/lib/thumb/v7e-m+fp/hard\libc.a
LOAD C:/ST/STM32CubeIDE_1.16.1/STM32CubeIDE/plugins/com.st.stm32cube.ide.mcu.externaltools.gnu-tools-for-stm32.12.3.rel1.win32_1.0.200.202406191623/tools/bin/../lib/gcc/arm-none-eabi/12.3.1/../../../../arm-none-eabi/lib/thumb/v7e-m+fp/hard\libm.a
LOAD C:/ST/STM32CubeIDE_1.16.1/STM32CubeIDE/plugins/com.st.stm32cube.ide.mcu.externaltools.gnu-tools-for-stm32.12.3.rel1.win32_1.0.200.202406191623/tools/bin/../lib/gcc/arm-none-eabi/12.3.1/thumb/v7e-m+fp/hard\libgcc.a

.debug_info     0x00000000     0x2c09
 .debug_info    0x00000000      0x333 ./Src/bsp.o
 .debug_info    0x00000333      0x679 ./Src/circular_buffer.o
 .debug_info    0x000009ac      0x7b4 ./Src/esp82xx_driver.o
 .debug_info    0x00001160      0x334 ./Src/esp82xx_lib.o
 .debug_info    0x00001494      0x9b5 ./Src/flash_driver.o
 .debug_info    0x00001e49      0x61f ./Src/fota_processor.o
 .debug_info    0x00002468      0x249 ./Src/fpu.o
 .debug_info    0x000026b1      0x1e9 ./Src/main.o
 .debug_info    0x0000289a      0x168 ./Src/sysmem.o
 .debug_info    0x00002a02      0x1d7 ./Src/timebase.o
 .debug_info    0x00002bd9       0x30 ./Startup/startup_stm32f411retx.o

.debug_abbrev   0x00000000     0x1078
 .debug_abbrev  0x00000000       0xd2 ./Src/bsp.o
 .debug_abbrev  0x000000d2      0x301 ./Src/circular_buffer.o
 .debug_abbrev  0x000003d3      0x1e5 ./Src/esp82xx_driver.o
 .debug_abbrev  0x000005b8      0x15e ./Src/esp82xx_lib.o
 .debug_abbrev  0x00000716      0x30c ./Src/flash_driver.o
 .debug_abbrev  0x00000a22      0x246 ./Src/fota_processor.o
 .debug_abbrev  0x00000c68       0xb8 ./Src/fpu.o
 .debug_abbrev  0x00000d20      0x10a ./Src/main.o
 .debug_abbrev  0x00000e2a       0xbc ./Src/sysmem.o
 .debug_abbrev  0x00000ee6      0x16e ./Src/timebase.o
 .debug_abbrev  0x00001054       0x24 ./Startup/startup_stm32f411retx.o

.debug_aranges  0x00000000      0x368
 .debug_aranges
                0x00000000       0x40 ./Src/bsp.o
 .debug_aranges
                0x00000040       0xa0 ./Src/circular_buffer.o
 .debug_aranges
                0x000000e0       0x60 ./Src/esp82xx_driver.o
 .debug_aranges
                0x00000140       0x50 ./Src/esp82xx_lib.o
 .debug_aranges
                0x00000190       0xd0 ./Src/flash_driver.o
 .debug_aranges
                0x00000260       0x40 ./Src/fota_processor.o
 .debug_aranges
                0x000002a0       0x20 ./Src/fpu.o
 .debug_aranges
                0x000002c0       0x20 ./Src/main.o
 .debug_aranges
                0x000002e0       0x20 ./Src/sysmem.o
 .debug_aranges
                0x00000300       0x40 ./Src/timebase.o
 .debug_aranges
                0x00000340       0x28 ./Startup/startup_stm32f411retx.o

.debug_rnglists
                0x00000000      0x26c
 .debug_rnglists
                0x00000000       0x2b ./Src/bsp.o
 .debug_rnglists
                0x0000002b       0x7a ./Src/circular_buffer.o
 .debug_rnglists
                0x000000a5       0x45 ./Src/esp82xx_driver.o
 .debug_rnglists
                0x000000ea       0x39 ./Src/esp82xx_lib.o
 .debug_rnglists
                0x00000123       0x9f ./Src/flash_driver.o
 .debug_rnglists
                0x000001c2       0x2c ./Src/fota_processor.o
 .debug_rnglists
                0x000001ee       0x13 ./Src/fpu.o
 .debug_rnglists
                0x00000201       0x14 ./Src/main.o
 .debug_rnglists
                0x00000215       0x13 ./Src/sysmem.o
 .debug_rnglists
                0x00000228       0x2b ./Src/timebase.o
 .debug_rnglists
                0x00000253       0x19 ./Startup/startup_stm32f411retx.o

.debug_macro    0x00000000     0x216e
 .debug_macro   0x00000000      0x105 ./Src/bsp.o
 .debug_macro   0x00000105       0x22 ./Src/bsp.o
 .debug_macro   0x00000127      0x1d2 ./Src/circular_buffer.o
 .debug_macro   0x000002f9       0x10 ./Src/circular_buffer.o
 .debug_macro   0x00000309       0x61 ./Src/circular_buffer.o
 .debug_macro   0x0000036a       0x2a ./Src/circular_buffer.o
 .debug_macro   0x00000394       0x43 ./Src/circular_buffer.o
 .debug_macro   0x000003d7       0x34 ./Src/circular_buffer.o
 .debug_macro   0x0000040b      0x189 ./Src/circular_buffer.o
 .debug_macro   0x00000594       0x16 ./Src/circular_buffer.o
 .debug_macro   0x000005aa       0x43 ./Src/circular_buffer.o
 .debug_macro   0x000005ed       0x34 ./Src/circular_buffer.o
 .debug_macro   0x00000621       0x10 ./Src/circular_buffer.o
 .debug_macro   0x00000631       0x58 ./Src/circular_buffer.o
 .debug_macro   0x00000689       0x8e ./Src/circular_buffer.o
 .debug_macro   0x00000717       0x1c ./Src/circular_buffer.o
 .debug_macro   0x00000733      0x177 ./Src/circular_buffer.o
 .debug_macro   0x000008aa      0x369 ./Src/circular_buffer.o
 .debug_macro   0x00000c13       0x10 ./Src/circular_buffer.o
 .debug_macro   0x00000c23       0x35 ./Src/circular_buffer.o
 .debug_macro   0x00000c58       0x20 ./Src/circular_buffer.o
 .debug_macro   0x00000c78      0x11a ./Src/esp82xx_driver.o
 .debug_macro   0x00000d92      0x25e ./Src/esp82xx_lib.o
 .debug_macro   0x00000ff0       0x16 ./Src/esp82xx_lib.o
 .debug_macro   0x00001006       0x9e ./Src/esp82xx_lib.o
 .debug_macro   0x000010a4      0x10b ./Src/esp82xx_lib.o
 .debug_macro   0x000011af       0x10 ./Src/esp82xx_lib.o
 .debug_macro   0x000011bf       0x16 ./Src/esp82xx_lib.o
 .debug_macro   0x000011d5       0x16 ./Src/esp82xx_lib.o
 .debug_macro   0x000011eb      0x146 ./Src/esp82xx_lib.o
 .debug_macro   0x00001331       0x16 ./Src/esp82xx_lib.o
 .debug_macro   0x00001347       0x10 ./Src/esp82xx_lib.o
 .debug_macro   0x00001357       0x10 ./Src/esp82xx_lib.o
 .debug_macro   0x00001367      0x1b9 ./Src/flash_driver.o
 .debug_macro   0x00001520       0x5b ./Src/flash_driver.o
 .debug_macro   0x0000157b       0x94 ./Src/flash_driver.o
 .debug_macro   0x0000160f       0x57 ./Src/flash_driver.o
 .debug_macro   0x00001666       0x9a ./Src/flash_driver.o
 .debug_macro   0x00001700      0x23e ./Src/fota_processor.o
 .debug_macro   0x0000193e       0xa0 ./Src/fota_processor.o
 .debug_macro   0x000019de       0x22 ./Src/fota_processor.o
 .debug_macro   0x00001a00       0xce ./Src/fpu.o
 .debug_macro   0x00001ace      0x25d ./Src/main.o
 .debug_macro   0x00001d2b       0xff ./Src/sysmem.o
 .debug_macro   0x00001e2a      0x23c ./Src/sysmem.o
 .debug_macro   0x00002066      0x108 ./Src/timebase.o

.debug_line     0x00000000     0x568e
 .debug_line    0x00000000      0x671 ./Src/bsp.o
 .debug_line    0x00000671      0xca3 ./Src/circular_buffer.o
 .debug_line    0x00001314      0x83d ./Src/esp82xx_driver.o
 .debug_line    0x00001b51      0x972 ./Src/esp82xx_lib.o
 .debug_line    0x000024c3      0xd90 ./Src/flash_driver.o
 .debug_line    0x00003253      0x98e ./Src/fota_processor.o
 .debug_line    0x00003be1      0x5df ./Src/fpu.o
 .debug_line    0x000041c0      0x819 ./Src/main.o
 .debug_line    0x000049d9      0x57e ./Src/sysmem.o
 .debug_line    0x00004f57      0x6bc ./Src/timebase.o
 .debug_line    0x00005613       0x7b ./Startup/startup_stm32f411retx.o

.debug_str      0x00000000    0x54d72
 .debug_str     0x00000000    0x4f71c ./Src/bsp.o
                              0x4f890 (size before relaxing)
 .debug_str     0x0004f71c     0x36ba ./Src/circular_buffer.o
                              0x52e0b (size before relaxing)
 .debug_str     0x00052dd6      0x516 ./Src/esp82xx_driver.o
                              0x4fd47 (size before relaxing)
 .debug_str     0x000532ec      0x9d2 ./Src/esp82xx_lib.o
                              0x535d7 (size before relaxing)
 .debug_str     0x00053cbe      0x737 ./Src/flash_driver.o
                              0x53300 (size before relaxing)
 .debug_str     0x000543f5      0x237 ./Src/fota_processor.o
                              0x538ae (size before relaxing)
 .debug_str     0x0005462c       0x6c ./Src/fpu.o
                              0x4f6eb (size before relaxing)
 .debug_str     0x00054698       0x7a ./Src/main.o
                              0x53726 (size before relaxing)
 .debug_str     0x00054712      0x4d7 ./Src/sysmem.o
                               0x6119 (size before relaxing)
 .debug_str     0x00054be9       0xef ./Src/timebase.o
                              0x4f7d4 (size before relaxing)
 .debug_str     0x00054cd8       0x9a ./Startup/startup_stm32f411retx.o

.comment        0x00000000       0x43
 .comment       0x00000000       0x43 ./Src/bsp.o
                                 0x44 (size before relaxing)
 .comment       0x00000043       0x44 ./Src/circular_buffer.o
 .comment       0x00000043       0x44 ./Src/esp82xx_driver.o
 .comment       0x00000043       0x44 ./Src/esp82xx_lib.o
 .comment       0x00000043       0x44 ./Src/flash_driver.o
 .comment       0x00000043       0x44 ./Src/fota_processor.o
 .comment       0x00000043       0x44 ./Src/fpu.o
 .comment       0x00000043       0x44 ./Src/main.o
 .comment       0x00000043       0x44 ./Src/sysmem.o
 .comment       0x00000043       0x44 ./Src/timebase.o

.debug_frame    0x00000000     0x10e0
 .debug_frame   0x00000000       0xb0 ./Src/bsp.o
 .debug_frame   0x000000b0      0x274 ./Src/circular_buffer.o
 .debug_frame   0x00000324      0x148 ./Src/esp82xx_driver.o
 .debug_frame   0x0000046c       0xfc ./Src/esp82xx_lib.o
 .debug_frame   0x00000568      0x378 ./Src/flash_driver.o
 .debug_frame   0x000008e0       0xc0 ./Src/fota_processor.o
 .debug_frame   0x000009a0       0x30 ./Src/fpu.o
 .debug_frame   0x000009d0       0x2c ./Src/main.o
 .debug_frame   0x000009fc       0x34 ./Src/sysmem.o
 .debug_frame   0x00000a30       0xb0 ./Src/timebase.o
 .debug_frame   0x00000ae0      0x144 C:/ST/STM32CubeIDE_1.16.1/STM32CubeIDE/plugins/com.st.stm32cube.ide.mcu.externaltools.gnu-tools-for-stm32.12.3.rel1.win32_1.0.200.202406191623/tools/bin/../lib/gcc/arm-none-eabi/12.3.1/../../../../arm-none-eabi/lib/thumb/v7e-m+fp/hard\libc_nano.a(libc_a-findfp.o)
 .debug_frame   0x00000c24       0x7c C:/ST/STM32CubeIDE_1.16.1/STM32CubeIDE/plugins/com.st.stm32cube.ide.mcu.externaltools.gnu-tools-for-stm32.12.3.rel1.win32_1.0.200.202406191623/tools/bin/../lib/gcc/arm-none-eabi/12.3.1/../../../../arm-none-eabi/lib/thumb/v7e-m+fp/hard\libc_nano.a(libc_a-snprintf.o)
 .debug_frame   0x00000ca0       0x6c C:/ST/STM32CubeIDE_1.16.1/STM32CubeIDE/plugins/com.st.stm32cube.ide.mcu.externaltools.gnu-tools-for-stm32.12.3.rel1.win32_1.0.200.202406191623/tools/bin/../lib/gcc/arm-none-eabi/12.3.1/../../../../arm-none-eabi/lib/thumb/v7e-m+fp/hard\libc_nano.a(libc_a-sprintf.o)
 .debug_frame   0x00000d0c       0x20 C:/ST/STM32CubeIDE_1.16.1/STM32CubeIDE/plugins/com.st.stm32cube.ide.mcu.externaltools.gnu-tools-for-stm32.12.3.rel1.win32_1.0.200.202406191623/tools/bin/../lib/gcc/arm-none-eabi/12.3.1/../../../../arm-none-eabi/lib/thumb/v7e-m+fp/hard\libc_nano.a(libc_a-memset.o)
 .debug_frame   0x00000d2c       0x38 C:/ST/STM32CubeIDE_1.16.1/STM32CubeIDE/plugins/com.st.stm32cube.ide.mcu.externaltools.gnu-tools-for-stm32.12.3.rel1.win32_1.0.200.202406191623/tools/bin/../lib/gcc/arm-none-eabi/12.3.1/../../../../arm-none-eabi/lib/thumb/v7e-m+fp/hard\libc_nano.a(libc_a-reent.o)
 .debug_frame   0x00000d64       0x20 C:/ST/STM32CubeIDE_1.16.1/STM32CubeIDE/plugins/com.st.stm32cube.ide.mcu.externaltools.gnu-tools-for-stm32.12.3.rel1.win32_1.0.200.202406191623/tools/bin/../lib/gcc/arm-none-eabi/12.3.1/../../../../arm-none-eabi/lib/thumb/v7e-m+fp/hard\libc_nano.a(libc_a-errno.o)
 .debug_frame   0x00000d84       0x2c C:/ST/STM32CubeIDE_1.16.1/STM32CubeIDE/plugins/com.st.stm32cube.ide.mcu.externaltools.gnu-tools-for-stm32.12.3.rel1.win32_1.0.200.202406191623/tools/bin/../lib/gcc/arm-none-eabi/12.3.1/../../../../arm-none-eabi/lib/thumb/v7e-m+fp/hard\libc_nano.a(libc_a-init.o)
 .debug_frame   0x00000db0       0xb0 C:/ST/STM32CubeIDE_1.16.1/STM32CubeIDE/plugins/com.st.stm32cube.ide.mcu.externaltools.gnu-tools-for-stm32.12.3.rel1.win32_1.0.200.202406191623/tools/bin/../lib/gcc/arm-none-eabi/12.3.1/../../../../arm-none-eabi/lib/thumb/v7e-m+fp/hard\libc_nano.a(libc_a-lock.o)
 .debug_frame   0x00000e60       0x38 C:/ST/STM32CubeIDE_1.16.1/STM32CubeIDE/plugins/com.st.stm32cube.ide.mcu.externaltools.gnu-tools-for-stm32.12.3.rel1.win32_1.0.200.202406191623/tools/bin/../lib/gcc/arm-none-eabi/12.3.1/../../../../arm-none-eabi/lib/thumb/v7e-m+fp/hard\libc_nano.a(libc_a-freer.o)
 .debug_frame   0x00000e98       0x50 C:/ST/STM32CubeIDE_1.16.1/STM32CubeIDE/plugins/com.st.stm32cube.ide.mcu.externaltools.gnu-tools-for-stm32.12.3.rel1.win32_1.0.200.202406191623/tools/bin/../lib/gcc/arm-none-eabi/12.3.1/../../../../arm-none-eabi/lib/thumb/v7e-m+fp/hard\libc_nano.a(libc_a-mallocr.o)
 .debug_frame   0x00000ee8       0x30 C:/ST/STM32CubeIDE_1.16.1/STM32CubeIDE/plugins/com.st.stm32cube.ide.mcu.externaltools.gnu-tools-for-stm32.12.3.rel1.win32_1.0.200.202406191623/tools/bin/../lib/gcc/arm-none-eabi/12.3.1/../../../../arm-none-eabi/lib/thumb/v7e-m+fp/hard\libc_nano.a(libc_a-mlock.o)
 .debug_frame   0x00000f18       0x90 C:/ST/STM32CubeIDE_1.16.1/STM32CubeIDE/plugins/com.st.stm32cube.ide.mcu.externaltools.gnu-tools-for-stm32.12.3.rel1.win32_1.0.200.202406191623/tools/bin/../lib/gcc/arm-none-eabi/12.3.1/../../../../arm-none-eabi/lib/thumb/v7e-m+fp/hard\libc_nano.a(libc_a-nano-svfprintf.o)
 .debug_frame   0x00000fa8       0x60 C:/ST/STM32CubeIDE_1.16.1/STM32CubeIDE/plugins/com.st.stm32cube.ide.mcu.externaltools.gnu-tools-for-stm32.12.3.rel1.win32_1.0.200.202406191623/tools/bin/../lib/gcc/arm-none-eabi/12.3.1/../../../../arm-none-eabi/lib/thumb/v7e-m+fp/hard\libc_nano.a(libc_a-nano-vfprintf_i.o)
 .debug_frame   0x00001008       0x28 C:/ST/STM32CubeIDE_1.16.1/STM32CubeIDE/plugins/com.st.stm32cube.ide.mcu.externaltools.gnu-tools-for-stm32.12.3.rel1.win32_1.0.200.202406191623/tools/bin/../lib/gcc/arm-none-eabi/12.3.1/../../../../arm-none-eabi/lib/thumb/v7e-m+fp/hard\libc_nano.a(libc_a-memmove.o)
 .debug_frame   0x00001030       0x2c C:/ST/STM32CubeIDE_1.16.1/STM32CubeIDE/plugins/com.st.stm32cube.ide.mcu.externaltools.gnu-tools-for-stm32.12.3.rel1.win32_1.0.200.202406191623/tools/bin/../lib/gcc/arm-none-eabi/12.3.1/../../../../arm-none-eabi/lib/thumb/v7e-m+fp/hard\libc_nano.a(libc_a-sbrkr.o)
 .debug_frame   0x0000105c       0x28 C:/ST/STM32CubeIDE_1.16.1/STM32CubeIDE/plugins/com.st.stm32cube.ide.mcu.externaltools.gnu-tools-for-stm32.12.3.rel1.win32_1.0.200.202406191623/tools/bin/../lib/gcc/arm-none-eabi/12.3.1/../../../../arm-none-eabi/lib/thumb/v7e-m+fp/hard\libc_nano.a(libc_a-memcpy-stub.o)
 .debug_frame   0x00001084       0x3c C:/ST/STM32CubeIDE_1.16.1/STM32CubeIDE/plugins/com.st.stm32cube.ide.mcu.externaltools.gnu-tools-for-stm32.12.3.rel1.win32_1.0.200.202406191623/tools/bin/../lib/gcc/arm-none-eabi/12.3.1/../../../../arm-none-eabi/lib/thumb/v7e-m+fp/hard\libc_nano.a(libc_a-reallocr.o)
 .debug_frame   0x000010c0       0x20 C:/ST/STM32CubeIDE_1.16.1/STM32CubeIDE/plugins/com.st.stm32cube.ide.mcu.externaltools.gnu-tools-for-stm32.12.3.rel1.win32_1.0.200.202406191623/tools/bin/../lib/gcc/arm-none-eabi/12.3.1/../../../../arm-none-eabi/lib/thumb/v7e-m+fp/hard\libc_nano.a(libc_a-msizer.o)

.debug_line_str
                0x00000000       0x7e
 .debug_line_str
                0x00000000       0x7e ./Startup/startup_stm32f411retx.o
