../Src/circular_buffer.c:37:6:circular_buffer_init	4	static
../Src/circular_buffer.c:53:13:buff_store_char	24	static
../Src/circular_buffer.c:69:6:buffer_clear	16	static
../Src/circular_buffer.c:91:5:buffer_peek	16	static
../Src/circular_buffer.c:131:5:buffer_read	24	static
../Src/circular_buffer.c:176:6:buffer_write	24	static
../Src/circular_buffer.c:214:5:is_data	24	static
../Src/circular_buffer.c:235:13:get_first_char	16	static
../Src/circular_buffer.c:250:5:is_response	24	static
../Src/circular_buffer.c:279:6:get_strs	24	static
../Src/circular_buffer.c:291:6:buffer_send_string	16	static
../Src/circular_buffer.c:299:6:slave_dev_uart_callback	16	static
../Src/circular_buffer.c:332:6:debug_uart_callback	16	static
../Src/circular_buffer.c:367:15:process_copy	40	static
../Src/circular_buffer.c:420:8:copy_up_to_string	16	static
../Src/circular_buffer.c:425:6:USART2_IRQHandler	8	static
../Src/circular_buffer.c:430:6:USART1_IRQHandler	8	static
